// Jest Snapshot v1, https://goo.gl/fbAQLP

exports[`Select renders correctly 1`] = `
<div
  class="brick-select brick-select-mode-single brick-select-size-sm"
>
  <div
    class="brick-select-selection"
  >
    <div
      class="brick-select-selected-wrap"
    />
    <div
      class="brick-select-suffix"
    >
      <i
        class="brick-icon brick-select-suffix-arrow"
      >
        <svg
          data-name="\\\\u56FE\\\\u5C42 1"
          fill="currentColor"
          height="1em"
          viewBox="0 0 768 768"
          width="1em"
        >
          <path
            d="M726.63 201.37a32 32 0 00-45.25 0L384 498.75 86.63 201.37a32 32 0 00-45.25 0 32 32 0 000 45.26l320 320a32 32 0 0045.26 0l320-320a32 32 0 00-.01-45.26z"
          />
        </svg>
      </i>
    </div>
  </div>
</div>
`;
